2026-06-12T10:49:48.876+03:00  INFO 63507 --- [main] o.e.diiaclone.DiiaCloneApplication       : Starting DiiaCloneApplication using Java 24.0.1 with PID 63507 (/Users/egor/IdeaProjects/DiiaClone/target/classes started by egor in /Users/egor/IdeaProjects/DiiaClone)
2026-06-12T10:49:48.878+03:00 DEBUG 63507 --- [main] o.e.diiaclone.DiiaCloneApplication       : Running with Spring Boot v4.0.6, Spring v7.0.7
2026-06-12T10:49:48.879+03:00  INFO 63507 --- [main] o.e.diiaclone.DiiaCloneApplication       : No active profile set, falling back to 1 default profile: "default"
2026-06-12T10:49:49.161+03:00  INFO 63507 --- [main] .s.d.r.c.RepositoryConfigurationDelegate : Bootstrapping Spring Data JPA repositories in DEFAULT mode.
2026-06-12T10:49:49.180+03:00  INFO 63507 --- [main] .s.d.r.c.RepositoryConfigurationDelegate : Finished Spring Data repository scanning in 16 ms. Found 2 JPA repository interfaces.
2026-06-12T10:49:49.391+03:00  INFO 63507 --- [main] o.s.boot.tomcat.TomcatWebServer          : Tomcat initialized with port 8080 (http)
2026-06-12T10:49:49.396+03:00  INFO 63507 --- [main] o.apache.catalina.core.StandardService   : Starting service [Tomcat]
2026-06-12T10:49:49.396+03:00  INFO 63507 --- [main] o.apache.catalina.core.StandardEngine    : Starting Servlet engine: [Apache Tomcat/11.0.21]
2026-06-12T10:49:49.411+03:00  INFO 63507 --- [main] b.w.c.s.WebApplicationContextInitializer : Root WebApplicationContext: initialization completed in 516 ms
2026-06-12T10:49:49.488+03:00  INFO 63507 --- [main] org.hibernate.orm.jpa                    : HHH008540: Processing PersistenceUnitInfo [name: default]
2026-06-12T10:49:49.511+03:00  INFO 63507 --- [main] org.hibernate.orm.core                   : HHH000001: Hibernate ORM core version 7.2.12.Final
2026-06-12T10:49:49.679+03:00  INFO 63507 --- [main] o.s.o.j.p.SpringPersistenceUnitInfo      : No LoadTimeWeaver setup: ignoring JPA class transformer
2026-06-12T10:49:49.694+03:00  INFO 63507 --- [main] com.zaxxer.hikari.HikariDataSource       : HikariPool-1 - Starting...
2026-06-12T10:49:49.777+03:00  INFO 63507 --- [main] com.zaxxer.hikari.pool.HikariPool        : HikariPool-1 - Added connection org.postgresql.jdbc.PgConnection@413eaf5d
2026-06-12T10:49:49.778+03:00  INFO 63507 --- [main] com.zaxxer.hikari.HikariDataSource       : HikariPool-1 - Start completed.
2026-06-12T10:49:49.799+03:00  WARN 63507 --- [main] org.hibernate.orm.deprecation            : HHH90000025: PostgreSQLDialect does not need to be specified explicitly using 'hibernate.dialect' (remove the property setting and it will be selected by default)
2026-06-12T10:49:49.810+03:00  INFO 63507 --- [main] org.hibernate.orm.connections.pooling    : HHH10001005: Database info:
	Database JDBC URL [jdbc:postgresql://localhost:5432/diiaDB]
	Database driver: PostgreSQL JDBC Driver
	Database dialect: PostgreSQLDialect
	Database version: 18.0
	Default catalog/schema: diiaDB/public
	Autocommit mode: undefined/unknown
	Isolation level: READ_COMMITTED [default READ_COMMITTED]
	JDBC fetch size: none
	Pool: DataSourceConnectionProvider
	Minimum pool size: undefined/unknown
	Maximum pool size: undefined/unknown
2026-06-12T10:49:50.175+03:00  INFO 63507 --- [main] org.hibernate.orm.core                   : HHH000489: No JTA platform available (set 'hibernate.transaction.jta.platform' to enable JTA platform integration)
2026-06-12T10:49:50.234+03:00  INFO 63507 --- [main] j.LocalContainerEntityManagerFactoryBean : Initialized JPA EntityManagerFactory for persistence unit 'default'
2026-06-12T10:49:50.305+03:00  INFO 63507 --- [main] o.s.d.j.r.query.QueryEnhancerFactories   : Hibernate is in classpath; If applicable, HQL parser will be used.
2026-06-12T10:49:50.478+03:00  WARN 63507 --- [main] JpaBaseConfiguration$JpaWebConfiguration : spring.jpa.open-in-view is enabled by default. Therefore, database queries may be performed during view rendering. Explicitly configure spring.jpa.open-in-view to disable this warning
2026-06-12T10:49:50.490+03:00  INFO 63507 --- [main] o.s.b.w.a.WelcomePageHandlerMapping      : Adding welcome page: class path resource [static/index.html]
2026-06-12T10:49:50.705+03:00  INFO 63507 --- [main] o.s.boot.tomcat.TomcatWebServer          : Tomcat started on port 8080 (http) with context path '/'
2026-06-12T10:49:50.709+03:00  INFO 63507 --- [main] o.e.diiaclone.DiiaCloneApplication       : Started DiiaCloneApplication in 2.018 seconds (process running for 2.37)
2026-06-12T10:50:08.252+03:00  INFO 63507 --- [http-nio-8080-exec-1] o.a.c.c.C.[Tomcat].[localhost].[/]       : Initializing Spring DispatcherServlet 'dispatcherServlet'
2026-06-12T10:50:08.252+03:00  INFO 63507 --- [http-nio-8080-exec-1] o.s.web.servlet.DispatcherServlet        : Initializing Servlet 'dispatcherServlet'
2026-06-12T10:50:08.254+03:00  INFO 63507 --- [http-nio-8080-exec-1] o.s.web.servlet.DispatcherServlet        : Completed initialization in 1 ms
2026-06-12T10:50:08.319+03:00  INFO 63507 --- [http-nio-8080-exec-1] o.e.diiaclone.aspect.LoggingAspect       : [REQUEST] DocumentController.createDocument() args=[org.example.diiaclone.dto.DocumentCreateDto@3a18f044]
2026-06-12T10:50:08.334+03:00 DEBUG 63507 --- [http-nio-8080-exec-1] org.hibernate.SQL                        : select u1_0.id,u1_0.email,u1_0.full_name from users u1_0 where u1_0.id=?
2026-06-12T10:50:08.335+03:00 TRACE 63507 --- [http-nio-8080-exec-1] org.hibernate.orm.jdbc.bind              : binding parameter (1:BIGINT) <- [5180]
2026-06-12T10:50:08.349+03:00  WARN 63507 --- [http-nio-8080-exec-1] o.example.diiaclone.service.UserService  : getUserEntityById — user with id=5180 not found
2026-06-12T10:50:08.349+03:00  WARN 63507 --- [http-nio-8080-exec-1] o.e.diiaclone.aspect.LoggingAspect       : [SERVICE] UserService.getUserEntityById() failed after 29 ms — User not found with id: 5180
2026-06-12T10:50:08.350+03:00  WARN 63507 --- [http-nio-8080-exec-1] o.e.diiaclone.aspect.LoggingAspect       : [SERVICE] DocumentService.createDocument() failed after 30 ms — User not found with id: 5180
2026-06-12T10:50:08.350+03:00 ERROR 63507 --- [http-nio-8080-exec-1] o.e.diiaclone.aspect.LoggingAspect       : [EXCEPTION] DocumentController.createDocument() threw UserNotFoundException: User not found with id: 5180
2026-06-12T10:50:08.351+03:00  WARN 63507 --- [http-nio-8080-exec-1] o.e.d.exeption.GlobalExceptionHandler    : User not found: User not found with id: 5180
2026-06-12T10:50:21.908+03:00 ERROR 63507 --- [http-nio-8080-exec-3] o.e.d.exeption.GlobalExceptionHandler    : Unexpected error occurred

org.springframework.web.servlet.resource.NoResourceFoundException: No static resource api for request '/api'.
	at org.springframework.web.servlet.resource.ResourceHttpRequestHandler.handleRequest(ResourceHttpRequestHandler.java:526) ~[spring-webmvc-7.0.7.jar:7.0.7]
	at org.springframework.web.servlet.mvc.HttpRequestHandlerAdapter.handle(HttpRequestHandlerAdapter.java:50) ~[spring-webmvc-7.0.7.jar:7.0.7]
	at org.springframework.web.servlet.DispatcherServlet.doDispatch(DispatcherServlet.java:963) ~[spring-webmvc-7.0.7.jar:7.0.7]
	at org.springframework.web.servlet.DispatcherServlet.doService(DispatcherServlet.java:866) ~[spring-webmvc-7.0.7.jar:7.0.7]
	at org.springframework.web.servlet.FrameworkServlet.processRequest(FrameworkServlet.java:1000) ~[spring-webmvc-7.0.7.jar:7.0.7]
	at org.springframework.web.servlet.FrameworkServlet.doPost(FrameworkServlet.java:903) ~[spring-webmvc-7.0.7.jar:7.0.7]
	at jakarta.servlet.http.HttpServlet.service(HttpServlet.java:649) ~[tomcat-embed-core-11.0.21.jar:6.1]
	at org.springframework.web.servlet.FrameworkServlet.service(FrameworkServlet.java:874) ~[spring-webmvc-7.0.7.jar:7.0.7]
	at jakarta.servlet.http.HttpServlet.service(HttpServlet.java:710) ~[tomcat-embed-core-11.0.21.jar:6.1]
	at org.apache.catalina.core.ApplicationFilterChain.doFilter(ApplicationFilterChain.java:128) ~[tomcat-embed-core-11.0.21.jar:11.0.21]
	at org.apache.tomcat.websocket.server.WsFilter.doFilter(WsFilter.java:53) ~[tomcat-embed-websocket-11.0.21.jar:11.0.21]
	at org.apache.catalina.core.ApplicationFilterChain.doFilter(ApplicationFilterChain.java:107) ~[tomcat-embed-core-11.0.21.jar:11.0.21]
	at org.springframework.web.filter.RequestContextFilter.doFilterInternal(RequestContextFilter.java:100) ~[spring-web-7.0.7.jar:7.0.7]
	at org.springframework.web.filter.OncePerRequestFilter.doFilter(OncePerRequestFilter.java:116) ~[spring-web-7.0.7.jar:7.0.7]
	at org.apache.catalina.core.ApplicationFilterChain.doFilter(ApplicationFilterChain.java:107) ~[tomcat-embed-core-11.0.21.jar:11.0.21]
	at org.springframework.web.filter.FormContentFilter.doFilterInternal(FormContentFilter.java:93) ~[spring-web-7.0.7.jar:7.0.7]
	at org.springframework.web.filter.OncePerRequestFilter.doFilter(OncePerRequestFilter.java:116) ~[spring-web-7.0.7.jar:7.0.7]
	at org.apache.catalina.core.ApplicationFilterChain.doFilter(ApplicationFilterChain.java:107) ~[tomcat-embed-core-11.0.21.jar:11.0.21]
	at org.springframework.web.filter.CharacterEncodingFilter.doFilterInternal(CharacterEncodingFilter.java:199) ~[spring-web-7.0.7.jar:7.0.7]
	at org.springframework.web.filter.OncePerRequestFilter.doFilter(OncePerRequestFilter.java:116) ~[spring-web-7.0.7.jar:7.0.7]
	at org.apache.catalina.core.ApplicationFilterChain.doFilter(ApplicationFilterChain.java:107) ~[tomcat-embed-core-11.0.21.jar:11.0.21]
	at org.apache.catalina.core.StandardWrapperValve.invoke(StandardWrapperValve.java:165) ~[tomcat-embed-core-11.0.21.jar:11.0.21]
	at org.apache.catalina.core.StandardContextValve.invoke(StandardContextValve.java:77) ~[tomcat-embed-core-11.0.21.jar:11.0.21]
	at org.apache.catalina.authenticator.AuthenticatorBase.invoke(AuthenticatorBase.java:492) ~[tomcat-embed-core-11.0.21.jar:11.0.21]
	at org.apache.catalina.core.StandardHostValve.invoke(StandardHostValve.java:113) ~[tomcat-embed-core-11.0.21.jar:11.0.21]
	at org.apache.catalina.valves.ErrorReportValve.invoke(ErrorReportValve.java:83) ~[tomcat-embed-core-11.0.21.jar:11.0.21]
	at org.apache.catalina.core.StandardEngineValve.invoke(StandardEngineValve.java:72) ~[tomcat-embed-core-11.0.21.jar:11.0.21]
	at org.apache.catalina.connector.CoyoteAdapter.service(CoyoteAdapter.java:341) ~[tomcat-embed-core-11.0.21.jar:11.0.21]
	at org.apache.coyote.http11.Http11Processor.service(Http11Processor.java:397) ~[tomcat-embed-core-11.0.21.jar:11.0.21]
	at org.apache.coyote.AbstractProcessorLight.process(AbstractProcessorLight.java:63) ~[tomcat-embed-core-11.0.21.jar:11.0.21]
	at org.apache.coyote.AbstractProtocol$ConnectionHandler.process(AbstractProtocol.java:903) ~[tomcat-embed-core-11.0.21.jar:11.0.21]
	at org.apache.tomcat.util.net.NioEndpoint$SocketProcessor.doRun(NioEndpoint.java:1801) ~[tomcat-embed-core-11.0.21.jar:11.0.21]
	at org.apache.tomcat.util.net.SocketProcessorBase.run(SocketProcessorBase.java:52) ~[tomcat-embed-core-11.0.21.jar:11.0.21]
	at org.apache.tomcat.util.threads.ThreadPoolExecutor.runWorker(ThreadPoolExecutor.java:946) ~[tomcat-embed-core-11.0.21.jar:11.0.21]
	at org.apache.tomcat.util.threads.ThreadPoolExecutor$Worker.run(ThreadPoolExecutor.java:480) ~[tomcat-embed-core-11.0.21.jar:11.0.21]
	at org.apache.tomcat.util.threads.TaskThread$WrappingRunnable.run(TaskThread.java:57) ~[tomcat-embed-core-11.0.21.jar:11.0.21]
	at java.base/java.lang.Thread.run(Thread.java:1447) ~[na:na]

2026-06-12T10:50:34.619+03:00  INFO 63507 --- [http-nio-8080-exec-5] o.e.diiaclone.aspect.LoggingAspect       : [REQUEST] UserController.getAllUsers() args=[]
2026-06-12T10:50:34.754+03:00 DEBUG 63507 --- [http-nio-8080-exec-5] org.hibernate.SQL                        : select u1_0.id,u1_0.email,u1_0.full_name from users u1_0
2026-06-12T10:50:34.756+03:00 DEBUG 63507 --- [http-nio-8080-exec-5] o.e.diiaclone.aspect.LoggingAspect       : [SERVICE] UserService.getAllUsers() completed in 137 ms
2026-06-12T10:50:34.756+03:00  INFO 63507 --- [http-nio-8080-exec-5] o.e.diiaclone.aspect.LoggingAspect       : [RESPONSE] UserController.getAllUsers() returned=<200 OK OK,[],[]>
2026-06-12T10:51:19.482+03:00  INFO 63507 --- [http-nio-8080-exec-6] o.e.diiaclone.aspect.LoggingAspect       : [REQUEST] UserController.getAllUsers() args=[]
2026-06-12T10:51:19.485+03:00 DEBUG 63507 --- [http-nio-8080-exec-6] org.hibernate.SQL                        : select u1_0.id,u1_0.email,u1_0.full_name from users u1_0
2026-06-12T10:51:19.486+03:00 DEBUG 63507 --- [http-nio-8080-exec-6] o.e.diiaclone.aspect.LoggingAspect       : [SERVICE] UserService.getAllUsers() completed in 4 ms
2026-06-12T10:51:19.487+03:00  INFO 63507 --- [http-nio-8080-exec-6] o.e.diiaclone.aspect.LoggingAspect       : [RESPONSE] UserController.getAllUsers() returned=<200 OK OK,[],[]>
2026-06-12T10:51:24.460+03:00  INFO 63507 --- [http-nio-8080-exec-7] o.e.diiaclone.aspect.LoggingAspect       : [REQUEST] UserController.createUser() args=[org.example.diiaclone.dto.UserCreateDto@3bda799e]
2026-06-12T10:51:24.478+03:00 DEBUG 63507 --- [http-nio-8080-exec-7] org.hibernate.SQL                        : insert into users (email,full_name,id) values (?,?,?)
2026-06-12T10:51:24.479+03:00 TRACE 63507 --- [http-nio-8080-exec-7] org.hibernate.orm.jdbc.bind              : binding parameter (1:VARCHAR) <- [yeh@test.com]
2026-06-12T10:51:24.479+03:00 TRACE 63507 --- [http-nio-8080-exec-7] org.hibernate.orm.jdbc.bind              : binding parameter (2:VARCHAR) <- [Yehor]
2026-06-12T10:51:24.479+03:00 TRACE 63507 --- [http-nio-8080-exec-7] org.hibernate.orm.jdbc.bind              : binding parameter (3:BIGINT) <- [4166]
2026-06-12T10:51:24.481+03:00 DEBUG 63507 --- [http-nio-8080-exec-7] o.e.diiaclone.aspect.LoggingAspect       : [SERVICE] UserService.createUser() completed in 20 ms
2026-06-12T10:51:24.481+03:00  INFO 63507 --- [http-nio-8080-exec-7] o.e.diiaclone.aspect.LoggingAspect       : [RESPONSE] UserController.createUser() returned=<201 CREATED Created,org.example.diiaclone.dto.UserResponseDto@2479ebe5,[]>
2026-06-12T10:51:32.633+03:00  INFO 63507 --- [http-nio-8080-exec-8] o.e.diiaclone.aspect.LoggingAspect       : [REQUEST] UserController.getUserById() args=[4166]
2026-06-12T10:51:32.635+03:00 DEBUG 63507 --- [http-nio-8080-exec-8] org.hibernate.SQL                        : select u1_0.id,u1_0.email,u1_0.full_name from users u1_0 where u1_0.id=?
2026-06-12T10:51:32.636+03:00 TRACE 63507 --- [http-nio-8080-exec-8] org.hibernate.orm.jdbc.bind              : binding parameter (1:BIGINT) <- [4166]
2026-06-12T10:51:32.651+03:00 DEBUG 63507 --- [http-nio-8080-exec-8] o.e.diiaclone.aspect.LoggingAspect       : [SERVICE] UserService.getUserById() completed in 17 ms
2026-06-12T10:51:32.651+03:00  INFO 63507 --- [http-nio-8080-exec-8] o.e.diiaclone.aspect.LoggingAspect       : [RESPONSE] UserController.getUserById() returned=<200 OK OK,org.example.diiaclone.dto.UserResponseDto@4f649902,[]>
2026-06-12T10:51:57.141+03:00  INFO 63507 --- [http-nio-8080-exec-9] o.e.diiaclone.aspect.LoggingAspect       : [REQUEST] UserController.getUserById() args=[4167]
2026-06-12T10:51:57.142+03:00 DEBUG 63507 --- [http-nio-8080-exec-9] org.hibernate.SQL                        : select u1_0.id,u1_0.email,u1_0.full_name from users u1_0 where u1_0.id=?
2026-06-12T10:51:57.142+03:00 TRACE 63507 --- [http-nio-8080-exec-9] org.hibernate.orm.jdbc.bind              : binding parameter (1:BIGINT) <- [4167]
2026-06-12T10:51:57.143+03:00  WARN 63507 --- [http-nio-8080-exec-9] o.example.diiaclone.service.UserService  : User with id=4167 not found
2026-06-12T10:51:57.144+03:00  WARN 63507 --- [http-nio-8080-exec-9] o.e.diiaclone.aspect.LoggingAspect       : [SERVICE] UserService.getUserById() failed after 3 ms — User not found with id: 4167
2026-06-12T10:51:57.144+03:00 ERROR 63507 --- [http-nio-8080-exec-9] o.e.diiaclone.aspect.LoggingAspect       : [EXCEPTION] UserController.getUserById() threw UserNotFoundException: User not found with id: 4167
2026-06-12T10:51:57.146+03:00  WARN 63507 --- [http-nio-8080-exec-9] o.e.d.exeption.GlobalExceptionHandler    : User not found: User not found with id: 4167
2026-06-12T10:52:35.745+03:00 ERROR 63507 --- [http-nio-8080-exec-10] o.e.d.exeption.GlobalExceptionHandler    : Unexpected error occurred

org.springframework.web.HttpRequestMethodNotSupportedException: Request method 'POST' is not supported
	at org.springframework.web.servlet.mvc.method.RequestMappingInfoHandlerMapping.handleNoMatch(RequestMappingInfoHandlerMapping.java:260) ~[spring-webmvc-7.0.7.jar:7.0.7]
	at org.springframework.web.servlet.handler.AbstractHandlerMethodMapping.lookupHandlerMethod(AbstractHandlerMethodMapping.java:434) ~[spring-webmvc-7.0.7.jar:7.0.7]
	at org.springframework.web.servlet.handler.AbstractHandlerMethodMapping.getHandlerInternal(AbstractHandlerMethodMapping.java:376) ~[spring-webmvc-7.0.7.jar:7.0.7]
	at org.springframework.web.servlet.mvc.method.RequestMappingInfoHandlerMapping.getHandlerInternal(RequestMappingInfoHandlerMapping.java:116) ~[spring-webmvc-7.0.7.jar:7.0.7]
	at org.springframework.web.servlet.mvc.method.RequestMappingInfoHandlerMapping.getHandlerInternal(RequestMappingInfoHandlerMapping.java:68) ~[spring-webmvc-7.0.7.jar:7.0.7]
	at org.springframework.web.servlet.handler.AbstractHandlerMapping.getHandler(AbstractHandlerMapping.java:544) ~[spring-webmvc-7.0.7.jar:7.0.7]
	at org.springframework.web.servlet.DispatcherServlet.getHandler(DispatcherServlet.java:1157) ~[spring-webmvc-7.0.7.jar:7.0.7]
	at org.springframework.web.servlet.DispatcherServlet.doDispatch(DispatcherServlet.java:951) ~[spring-webmvc-7.0.7.jar:7.0.7]
	at org.springframework.web.servlet.DispatcherServlet.doService(DispatcherServlet.java:866) ~[spring-webmvc-7.0.7.jar:7.0.7]
	at org.springframework.web.servlet.FrameworkServlet.processRequest(FrameworkServlet.java:1000) ~[spring-webmvc-7.0.7.jar:7.0.7]
	at org.springframework.web.servlet.FrameworkServlet.doPost(FrameworkServlet.java:903) ~[spring-webmvc-7.0.7.jar:7.0.7]
	at jakarta.servlet.http.HttpServlet.service(HttpServlet.java:649) ~[tomcat-embed-core-11.0.21.jar:6.1]
	at org.springframework.web.servlet.FrameworkServlet.service(FrameworkServlet.java:874) ~[spring-webmvc-7.0.7.jar:7.0.7]
	at jakarta.servlet.http.HttpServlet.service(HttpServlet.java:710) ~[tomcat-embed-core-11.0.21.jar:6.1]
	at org.apache.catalina.core.ApplicationFilterChain.doFilter(ApplicationFilterChain.java:128) ~[tomcat-embed-core-11.0.21.jar:11.0.21]
	at org.apache.tomcat.websocket.server.WsFilter.doFilter(WsFilter.java:53) ~[tomcat-embed-websocket-11.0.21.jar:11.0.21]
	at org.apache.catalina.core.ApplicationFilterChain.doFilter(ApplicationFilterChain.java:107) ~[tomcat-embed-core-11.0.21.jar:11.0.21]
	at org.springframework.web.filter.RequestContextFilter.doFilterInternal(RequestContextFilter.java:100) ~[spring-web-7.0.7.jar:7.0.7]
	at org.springframework.web.filter.OncePerRequestFilter.doFilter(OncePerRequestFilter.java:116) ~[spring-web-7.0.7.jar:7.0.7]
	at org.apache.catalina.core.ApplicationFilterChain.doFilter(ApplicationFilterChain.java:107) ~[tomcat-embed-core-11.0.21.jar:11.0.21]
	at org.springframework.web.filter.FormContentFilter.doFilterInternal(FormContentFilter.java:93) ~[spring-web-7.0.7.jar:7.0.7]
	at org.springframework.web.filter.OncePerRequestFilter.doFilter(OncePerRequestFilter.java:116) ~[spring-web-7.0.7.jar:7.0.7]
	at org.apache.catalina.core.ApplicationFilterChain.doFilter(ApplicationFilterChain.java:107) ~[tomcat-embed-core-11.0.21.jar:11.0.21]
	at org.springframework.web.filter.CharacterEncodingFilter.doFilterInternal(CharacterEncodingFilter.java:199) ~[spring-web-7.0.7.jar:7.0.7]
	at org.springframework.web.filter.OncePerRequestFilter.doFilter(OncePerRequestFilter.java:116) ~[spring-web-7.0.7.jar:7.0.7]
	at org.apache.catalina.core.ApplicationFilterChain.doFilter(ApplicationFilterChain.java:107) ~[tomcat-embed-core-11.0.21.jar:11.0.21]
	at org.apache.catalina.core.StandardWrapperValve.invoke(StandardWrapperValve.java:165) ~[tomcat-embed-core-11.0.21.jar:11.0.21]
	at org.apache.catalina.core.StandardContextValve.invoke(StandardContextValve.java:77) ~[tomcat-embed-core-11.0.21.jar:11.0.21]
	at org.apache.catalina.authenticator.AuthenticatorBase.invoke(AuthenticatorBase.java:492) ~[tomcat-embed-core-11.0.21.jar:11.0.21]
	at org.apache.catalina.core.StandardHostValve.invoke(StandardHostValve.java:113) ~[tomcat-embed-core-11.0.21.jar:11.0.21]
	at org.apache.catalina.valves.ErrorReportValve.invoke(ErrorReportValve.java:83) ~[tomcat-embed-core-11.0.21.jar:11.0.21]
	at org.apache.catalina.core.StandardEngineValve.invoke(StandardEngineValve.java:72) ~[tomcat-embed-core-11.0.21.jar:11.0.21]
	at org.apache.catalina.connector.CoyoteAdapter.service(CoyoteAdapter.java:341) ~[tomcat-embed-core-11.0.21.jar:11.0.21]
	at org.apache.coyote.http11.Http11Processor.service(Http11Processor.java:397) ~[tomcat-embed-core-11.0.21.jar:11.0.21]
	at org.apache.coyote.AbstractProcessorLight.process(AbstractProcessorLight.java:63) ~[tomcat-embed-core-11.0.21.jar:11.0.21]
	at org.apache.coyote.AbstractProtocol$ConnectionHandler.process(AbstractProtocol.java:903) ~[tomcat-embed-core-11.0.21.jar:11.0.21]
	at org.apache.tomcat.util.net.NioEndpoint$SocketProcessor.doRun(NioEndpoint.java:1801) ~[tomcat-embed-core-11.0.21.jar:11.0.21]
	at org.apache.tomcat.util.net.SocketProcessorBase.run(SocketProcessorBase.java:52) ~[tomcat-embed-core-11.0.21.jar:11.0.21]
	at org.apache.tomcat.util.threads.ThreadPoolExecutor.runWorker(ThreadPoolExecutor.java:946) ~[tomcat-embed-core-11.0.21.jar:11.0.21]
	at org.apache.tomcat.util.threads.ThreadPoolExecutor$Worker.run(ThreadPoolExecutor.java:480) ~[tomcat-embed-core-11.0.21.jar:11.0.21]
	at org.apache.tomcat.util.threads.TaskThread$WrappingRunnable.run(TaskThread.java:57) ~[tomcat-embed-core-11.0.21.jar:11.0.21]
	at java.base/java.lang.Thread.run(Thread.java:1447) ~[na:na]

2026-06-12T10:53:25.937+03:00  INFO 63507 --- [http-nio-8080-exec-1] o.e.diiaclone.aspect.LoggingAspect       : [REQUEST] UserController.getAllUsers() args=[]
2026-06-12T10:53:25.943+03:00 DEBUG 63507 --- [http-nio-8080-exec-1] org.hibernate.SQL                        : select u1_0.id,u1_0.email,u1_0.full_name from users u1_0
2026-06-12T10:53:25.946+03:00 DEBUG 63507 --- [http-nio-8080-exec-1] o.e.diiaclone.aspect.LoggingAspect       : [SERVICE] UserService.getAllUsers() completed in 7 ms
2026-06-12T10:53:25.946+03:00  INFO 63507 --- [http-nio-8080-exec-1] o.e.diiaclone.aspect.LoggingAspect       : [RESPONSE] UserController.getAllUsers() returned=<200 OK OK,[org.example.diiaclone.dto.UserResponseDto@54ca1e54],[]>
2026-06-12T10:53:31.173+03:00  INFO 63507 --- [http-nio-8080-exec-3] o.e.diiaclone.aspect.LoggingAspect       : [REQUEST] UserController.getUserById() args=[4166]
2026-06-12T10:53:31.175+03:00 DEBUG 63507 --- [http-nio-8080-exec-3] org.hibernate.SQL                        : select u1_0.id,u1_0.email,u1_0.full_name from users u1_0 where u1_0.id=?
2026-06-12T10:53:31.175+03:00 TRACE 63507 --- [http-nio-8080-exec-3] org.hibernate.orm.jdbc.bind              : binding parameter (1:BIGINT) <- [4166]
2026-06-12T10:53:31.177+03:00 DEBUG 63507 --- [http-nio-8080-exec-3] o.e.diiaclone.aspect.LoggingAspect       : [SERVICE] UserService.getUserById() completed in 3 ms
2026-06-12T10:53:31.177+03:00  INFO 63507 --- [http-nio-8080-exec-3] o.e.diiaclone.aspect.LoggingAspect       : [RESPONSE] UserController.getUserById() returned=<200 OK OK,org.example.diiaclone.dto.UserResponseDto@6232a4a1,[]>
2026-06-12T10:53:49.772+03:00  INFO 63507 --- [SpringApplicationShutdownHook] o.s.boot.tomcat.GracefulShutdown         : Commencing graceful shutdown. Waiting for active requests to complete
2026-06-12T10:53:49.774+03:00  INFO 63507 --- [tomcat-shutdown] o.s.boot.tomcat.GracefulShutdown         : Graceful shutdown complete
2026-06-12T10:53:49.776+03:00  INFO 63507 --- [SpringApplicationShutdownHook] j.LocalContainerEntityManagerFactoryBean : Closing JPA EntityManagerFactory for persistence unit 'default'
2026-06-12T10:53:49.777+03:00  INFO 63507 --- [SpringApplicationShutdownHook] com.zaxxer.hikari.HikariDataSource       : HikariPool-1 - Shutdown initiated...
2026-06-12T10:53:49.778+03:00  INFO 63507 --- [SpringApplicationShutdownHook] com.zaxxer.hikari.HikariDataSource       : HikariPool-1 - Shutdown completed.
